[2025-11-10 07:41:47,513] {C:\Users\manue\OneDrive\Escritorio\crm\mesa_perfecta_crm\mesa_perfecta_crm\app.py:1266} WARNING - Ejecutando init_db()...
[2025-11-10 07:42:02,973] {C:\Users\manue\OneDrive\Escritorio\crm\mesa_perfecta_crm\mesa_perfecta_crm\app.py:1266} WARNING - Ejecutando init_db()...
[2025-11-10 07:42:04,994] {C:\Users\manue\OneDrive\Escritorio\crm\mesa_perfecta_crm\mesa_perfecta_crm\app.py:1266} WARNING - Ejecutando init_db()...
[2025-11-10 07:42:27,252] {C:\Users\manue\OneDrive\Escritorio\crm\mesa_perfecta_crm\mesa_perfecta_crm\app.py:1464} WARNING - Ruta no encontrada (404): /static/img/mesa_perfecta_almuerzos.png
[2025-11-10 07:42:27,894] {C:\Users\manue\OneDrive\Escritorio\crm\mesa_perfecta_crm\mesa_perfecta_crm\app.py:1464} WARNING - Ruta no encontrada (404): /favicon.ico
[2025-11-10 07:42:37,899] {C:\Users\manue\OneDrive\Escritorio\crm\mesa_perfecta_crm\mesa_perfecta_crm\app.py:1464} WARNING - Ruta no encontrada (404): /static/img/mesa_perfecta_almuerzos.png
[2025-11-10 07:42:38,453] {C:\Users\manue\OneDrive\Escritorio\crm\mesa_perfecta_crm\mesa_perfecta_crm\app.py:1464} WARNING - Ruta no encontrada (404): /favicon.ico
[2025-11-10 07:43:26,247] {C:\Users\manue\OneDrive\Escritorio\crm\mesa_perfecta_crm\mesa_perfecta_crm\app.py:1464} WARNING - Ruta no encontrada (404): /static/img/mesa_perfecta_almuerzos.png
[2025-11-10 07:43:26,359] {C:\Users\manue\OneDrive\Escritorio\crm\mesa_perfecta_crm\mesa_perfecta_crm\app.py:1464} WARNING - Ruta no encontrada (404): /favicon.ico
[2025-11-10 07:43:41,849] {C:\Users\manue\OneDrive\Escritorio\crm\mesa_perfecta_crm\mesa_perfecta_crm\app.py:1464} WARNING - Ruta no encontrada (404): /static/img/mesa_perfecta_almuerzos.png
[2025-11-10 07:43:42,027] {C:\Users\manue\OneDrive\Escritorio\crm\mesa_perfecta_crm\mesa_perfecta_crm\app.py:1464} WARNING - Ruta no encontrada (404): /favicon.ico
[2025-11-10 07:43:50,871] {C:\Users\manue\OneDrive\Escritorio\crm\mesa_perfecta_crm\mesa_perfecta_crm\app.py:1464} WARNING - Ruta no encontrada (404): /static/img/mesa_perfecta_almuerzos.png
[2025-11-10 07:43:51,011] {C:\Users\manue\OneDrive\Escritorio\crm\mesa_perfecta_crm\mesa_perfecta_crm\app.py:1464} WARNING - Ruta no encontrada (404): /favicon.ico
[2025-11-10 07:43:57,325] {C:\Users\manue\OneDrive\Escritorio\crm\mesa_perfecta_crm\mesa_perfecta_crm\app.py:1487} ERROR - Error 500 (No controlado) en /ingresos:
Traceback (most recent call last):
  File "C:\Users\manue\AppData\Local\Programs\Python\Python314\Lib\site-packages\flask\app.py", line 917, in full_dispatch_request
    rv = self.dispatch_request()
  File "C:\Users\manue\AppData\Local\Programs\Python\Python314\Lib\site-packages\flask\app.py", line 902, in dispatch_request
    return self.ensure_sync(self.view_functions[rule.endpoint])(**view_args)  # type: ignore[no-any-return]
           ~~~~~~~~~~~~~~~~~~~~~~~~~~~~~~~~~~~~~~~~~~~~~~~~~~~~^^^^^^^^^^^^^
  File "C:\Users\manue\OneDrive\Escritorio\crm\mesa_perfecta_crm\mesa_perfecta_crm\app.py", line 1211, in wrapper
    return f(*args, **kwargs)
  File "C:\Users\manue\OneDrive\Escritorio\crm\mesa_perfecta_crm\mesa_perfecta_crm\app.py", line 1698, in ingresos
    return render_template(
        'ingresos.html',
        ingresos=ingresos_rows,
        sum_neto=sum_neto, sum_iva=sum_iva, sum_total=sum_total
    )
  File "C:\Users\manue\AppData\Local\Programs\Python\Python314\Lib\site-packages\flask\templating.py", line 150, in render_template
    return _render(app, template, context)
  File "C:\Users\manue\AppData\Local\Programs\Python\Python314\Lib\site-packages\flask\templating.py", line 131, in _render
    rv = template.render(context)
  File "C:\Users\manue\AppData\Local\Programs\Python\Python314\Lib\site-packages\jinja2\environment.py", line 1295, in render
    self.environment.handle_exception()
    ~~~~~~~~~~~~~~~~~~~~~~~~~~~~~~~~~^^
  File "C:\Users\manue\AppData\Local\Programs\Python\Python314\Lib\site-packages\jinja2\environment.py", line 942, in handle_exception
    raise rewrite_traceback_stack(source=source)
  File "C:\Users\manue\OneDrive\Escritorio\crm\mesa_perfecta_crm\mesa_perfecta_crm\templates\ingresos.html", line 1, in top-level template code
    {% extends "layout.html" %}
    ^^^^^^^^^^^^^^^^^^^^^^^^^
  File "C:\Users\manue\OneDrive\Escritorio\crm\mesa_perfecta_crm\mesa_perfecta_crm\templates\layout.html", line 128, in top-level template code
    {% block content %}{% endblock %}
    ^^^^^^^^^^^^^^^^^^^^^
  File "C:\Users\manue\OneDrive\Escritorio\crm\mesa_perfecta_crm\mesa_perfecta_crm\templates\ingresos.html", line 66, in block 'content'
    <a href="{{ url_for('dashboard') }}" class="btn btn-secondary">Volver al Dashboard</a>
    ^^^^^^^^^^^^^^^^^^^^^
  File "C:\Users\manue\AppData\Local\Programs\Python\Python314\Lib\site-packages\flask\app.py", line 1121, in url_for
    return self.handle_url_build_error(error, endpoint, values)
           ~~~~~~~~~~~~~~~~~~~~~~~~~~~^^^^^^^^^^^^^^^^^^^^^^^^^
  File "C:\Users\manue\AppData\Local\Programs\Python\Python314\Lib\site-packages\flask\app.py", line 1110, in url_for
    rv = url_adapter.build(  # type: ignore[union-attr]
        endpoint,
    ...<3 lines>...
        force_external=_external,
    )
  File "C:\Users\manue\AppData\Local\Programs\Python\Python314\Lib\site-packages\werkzeug\routing\map.py", line 924, in build
    raise BuildError(endpoint, values, method, self)
werkzeug.routing.exceptions.BuildError: Could not build url for endpoint 'dashboard'. Did you mean 'bom_editar' instead?

[2025-11-10 07:44:01,440] {C:\Users\manue\OneDrive\Escritorio\crm\mesa_perfecta_crm\mesa_perfecta_crm\app.py:1464} WARNING - Ruta no encontrada (404): /favicon.ico
[2025-11-10 07:44:03,230] {C:\Users\manue\OneDrive\Escritorio\crm\mesa_perfecta_crm\mesa_perfecta_crm\app.py:1464} WARNING - Ruta no encontrada (404): /static/img/mesa_perfecta_almuerzos.png
[2025-11-10 07:44:03,399] {C:\Users\manue\OneDrive\Escritorio\crm\mesa_perfecta_crm\mesa_perfecta_crm\app.py:1464} WARNING - Ruta no encontrada (404): /favicon.ico
[2025-11-10 07:44:04,936] {C:\Users\manue\OneDrive\Escritorio\crm\mesa_perfecta_crm\mesa_perfecta_crm\app.py:1464} WARNING - Ruta no encontrada (404): /static/img/mesa_perfecta_almuerzos.png
[2025-11-10 07:44:05,098] {C:\Users\manue\OneDrive\Escritorio\crm\mesa_perfecta_crm\mesa_perfecta_crm\app.py:1464} WARNING - Ruta no encontrada (404): /favicon.ico
[2025-11-10 07:44:06,550] {C:\Users\manue\OneDrive\Escritorio\crm\mesa_perfecta_crm\mesa_perfecta_crm\app.py:1464} WARNING - Ruta no encontrada (404): /static/img/mesa_perfecta_almuerzos.png
[2025-11-10 07:44:06,649] {C:\Users\manue\OneDrive\Escritorio\crm\mesa_perfecta_crm\mesa_perfecta_crm\app.py:1464} WARNING - Ruta no encontrada (404): /favicon.ico
[2025-11-10 07:44:07,819] {C:\Users\manue\OneDrive\Escritorio\crm\mesa_perfecta_crm\mesa_perfecta_crm\app.py:1464} WARNING - Ruta no encontrada (404): /static/img/mesa_perfecta_almuerzos.png
[2025-11-10 07:44:07,960] {C:\Users\manue\OneDrive\Escritorio\crm\mesa_perfecta_crm\mesa_perfecta_crm\app.py:1464} WARNING - Ruta no encontrada (404): /favicon.ico
[2025-11-10 07:44:09,280] {C:\Users\manue\OneDrive\Escritorio\crm\mesa_perfecta_crm\mesa_perfecta_crm\app.py:1487} ERROR - Error 500 (No controlado) en /transferir:
Traceback (most recent call last):
  File "C:\Users\manue\AppData\Local\Programs\Python\Python314\Lib\site-packages\flask\app.py", line 917, in full_dispatch_request
    rv = self.dispatch_request()
  File "C:\Users\manue\AppData\Local\Programs\Python\Python314\Lib\site-packages\flask\app.py", line 902, in dispatch_request
    return self.ensure_sync(self.view_functions[rule.endpoint])(**view_args)  # type: ignore[no-any-return]
           ~~~~~~~~~~~~~~~~~~~~~~~~~~~~~~~~~~~~~~~~~~~~~~~~~~~~^^^^^^^^^^^^^
  File "C:\Users\manue\OneDrive\Escritorio\crm\mesa_perfecta_crm\mesa_perfecta_crm\app.py", line 1211, in wrapper
    return f(*args, **kwargs)
  File "C:\Users\manue\OneDrive\Escritorio\crm\mesa_perfecta_crm\mesa_perfecta_crm\app.py", line 2400, in transferir
    return render_template("transferencias.html", transferencias=transferencias)
  File "C:\Users\manue\AppData\Local\Programs\Python\Python314\Lib\site-packages\flask\templating.py", line 149, in render_template
    template = app.jinja_env.get_or_select_template(template_name_or_list)
  File "C:\Users\manue\AppData\Local\Programs\Python\Python314\Lib\site-packages\jinja2\environment.py", line 1087, in get_or_select_template
    return self.get_template(template_name_or_list, parent, globals)
           ~~~~~~~~~~~~~~~~~^^^^^^^^^^^^^^^^^^^^^^^^^^^^^^^^^^^^^^^^
  File "C:\Users\manue\AppData\Local\Programs\Python\Python314\Lib\site-packages\jinja2\environment.py", line 1016, in get_template
    return self._load_template(name, globals)
           ~~~~~~~~~~~~~~~~~~~^^^^^^^^^^^^^^^
  File "C:\Users\manue\AppData\Local\Programs\Python\Python314\Lib\site-packages\jinja2\environment.py", line 975, in _load_template
    template = self.loader.load(self, name, self.make_globals(globals))
  File "C:\Users\manue\AppData\Local\Programs\Python\Python314\Lib\site-packages\jinja2\loaders.py", line 126, in load
    source, filename, uptodate = self.get_source(environment, name)
                                 ~~~~~~~~~~~~~~~^^^^^^^^^^^^^^^^^^^
  File "C:\Users\manue\AppData\Local\Programs\Python\Python314\Lib\site-packages\flask\templating.py", line 65, in get_source
    return self._get_source_fast(environment, template)
           ~~~~~~~~~~~~~~~~~~~~~^^^^^^^^^^^^^^^^^^^^^^^
  File "C:\Users\manue\AppData\Local\Programs\Python\Python314\Lib\site-packages\flask\templating.py", line 99, in _get_source_fast
    raise TemplateNotFound(template)
jinja2.exceptions.TemplateNotFound: transferencias.html

[2025-11-10 07:44:11,755] {C:\Users\manue\OneDrive\Escritorio\crm\mesa_perfecta_crm\mesa_perfecta_crm\app.py:1464} WARNING - Ruta no encontrada (404): /favicon.ico
[2025-11-10 07:44:13,296] {C:\Users\manue\OneDrive\Escritorio\crm\mesa_perfecta_crm\mesa_perfecta_crm\app.py:1464} WARNING - Ruta no encontrada (404): /static/img/mesa_perfecta_almuerzos.png
[2025-11-10 07:44:13,433] {C:\Users\manue\OneDrive\Escritorio\crm\mesa_perfecta_crm\mesa_perfecta_crm\app.py:1464} WARNING - Ruta no encontrada (404): /favicon.ico
[2025-11-10 07:44:15,362] {C:\Users\manue\OneDrive\Escritorio\crm\mesa_perfecta_crm\mesa_perfecta_crm\app.py:1464} WARNING - Ruta no encontrada (404): /static/img/mesa_perfecta_almuerzos.png
[2025-11-10 07:44:15,495] {C:\Users\manue\OneDrive\Escritorio\crm\mesa_perfecta_crm\mesa_perfecta_crm\app.py:1464} WARNING - Ruta no encontrada (404): /favicon.ico
[2025-11-10 07:44:17,511] {C:\Users\manue\OneDrive\Escritorio\crm\mesa_perfecta_crm\mesa_perfecta_crm\app.py:1464} WARNING - Ruta no encontrada (404): /static/img/mesa_perfecta_almuerzos.png
[2025-11-10 07:44:17,648] {C:\Users\manue\OneDrive\Escritorio\crm\mesa_perfecta_crm\mesa_perfecta_crm\app.py:1464} WARNING - Ruta no encontrada (404): /favicon.ico
[2025-11-10 07:44:18,800] {C:\Users\manue\OneDrive\Escritorio\crm\mesa_perfecta_crm\mesa_perfecta_crm\app.py:1464} WARNING - Ruta no encontrada (404): /static/img/mesa_perfecta_almuerzos.png
[2025-11-10 07:44:18,927] {C:\Users\manue\OneDrive\Escritorio\crm\mesa_perfecta_crm\mesa_perfecta_crm\app.py:1464} WARNING - Ruta no encontrada (404): /favicon.ico
[2025-11-10 07:44:20,705] {C:\Users\manue\OneDrive\Escritorio\crm\mesa_perfecta_crm\mesa_perfecta_crm\app.py:1464} WARNING - Ruta no encontrada (404): /static/img/mesa_perfecta_almuerzos.png
[2025-11-10 07:44:20,857] {C:\Users\manue\OneDrive\Escritorio\crm\mesa_perfecta_crm\mesa_perfecta_crm\app.py:1464} WARNING - Ruta no encontrada (404): /favicon.ico
[2025-11-10 07:44:25,110] {C:\Users\manue\OneDrive\Escritorio\crm\mesa_perfecta_crm\mesa_perfecta_crm\app.py:1464} WARNING - Ruta no encontrada (404): /static/img/mesa_perfecta_almuerzos.png
[2025-11-10 07:44:25,359] {C:\Users\manue\OneDrive\Escritorio\crm\mesa_perfecta_crm\mesa_perfecta_crm\app.py:1464} WARNING - Ruta no encontrada (404): /favicon.ico
[2025-11-10 07:44:43,746] {C:\Users\manue\OneDrive\Escritorio\crm\mesa_perfecta_crm\mesa_perfecta_crm\app.py:1464} WARNING - Ruta no encontrada (404): /static/img/mesa_perfecta_almuerzos.png
[2025-11-10 07:44:43,872] {C:\Users\manue\OneDrive\Escritorio\crm\mesa_perfecta_crm\mesa_perfecta_crm\app.py:1464} WARNING - Ruta no encontrada (404): /favicon.ico
[2025-11-10 07:45:20,238] {C:\Users\manue\OneDrive\Escritorio\crm\mesa_perfecta_crm\mesa_perfecta_crm\app.py:1487} ERROR - Error 500 (No controlado) en /ingresos:
Traceback (most recent call last):
  File "C:\Users\manue\AppData\Local\Programs\Python\Python314\Lib\site-packages\flask\app.py", line 917, in full_dispatch_request
    rv = self.dispatch_request()
  File "C:\Users\manue\AppData\Local\Programs\Python\Python314\Lib\site-packages\flask\app.py", line 902, in dispatch_request
    return self.ensure_sync(self.view_functions[rule.endpoint])(**view_args)  # type: ignore[no-any-return]
           ~~~~~~~~~~~~~~~~~~~~~~~~~~~~~~~~~~~~~~~~~~~~~~~~~~~~^^^^^^^^^^^^^
  File "C:\Users\manue\OneDrive\Escritorio\crm\mesa_perfecta_crm\mesa_perfecta_crm\app.py", line 1211, in wrapper
    return f(*args, **kwargs)
  File "C:\Users\manue\OneDrive\Escritorio\crm\mesa_perfecta_crm\mesa_perfecta_crm\app.py", line 1698, in ingresos
    return render_template(
        'ingresos.html',
        ingresos=ingresos_rows,
        sum_neto=sum_neto, sum_iva=sum_iva, sum_total=sum_total
    )
  File "C:\Users\manue\AppData\Local\Programs\Python\Python314\Lib\site-packages\flask\templating.py", line 150, in render_template
    return _render(app, template, context)
  File "C:\Users\manue\AppData\Local\Programs\Python\Python314\Lib\site-packages\flask\templating.py", line 131, in _render
    rv = template.render(context)
  File "C:\Users\manue\AppData\Local\Programs\Python\Python314\Lib\site-packages\jinja2\environment.py", line 1295, in render
    self.environment.handle_exception()
    ~~~~~~~~~~~~~~~~~~~~~~~~~~~~~~~~~^^
  File "C:\Users\manue\AppData\Local\Programs\Python\Python314\Lib\site-packages\jinja2\environment.py", line 942, in handle_exception
    raise rewrite_traceback_stack(source=source)
  File "C:\Users\manue\OneDrive\Escritorio\crm\mesa_perfecta_crm\mesa_perfecta_crm\templates\ingresos.html", line 1, in top-level template code
    {% extends "layout.html" %}
    ^^^^^^^^^^^^^^^^^^^^^^^^^
  File "C:\Users\manue\OneDrive\Escritorio\crm\mesa_perfecta_crm\mesa_perfecta_crm\templates\layout.html", line 128, in top-level template code
    {% block content %}{% endblock %}
    ^^^^^^^^^^^^^^^^^^^^^
  File "C:\Users\manue\OneDrive\Escritorio\crm\mesa_perfecta_crm\mesa_perfecta_crm\templates\ingresos.html", line 66, in block 'content'
    <a href="{{ url_for('dashboard') }}" class="btn btn-secondary">Volver al Dashboard</a>
    ^^^^^^^^^^^^^^^^^^^^^
  File "C:\Users\manue\AppData\Local\Programs\Python\Python314\Lib\site-packages\flask\app.py", line 1121, in url_for
    return self.handle_url_build_error(error, endpoint, values)
           ~~~~~~~~~~~~~~~~~~~~~~~~~~~^^^^^^^^^^^^^^^^^^^^^^^^^
  File "C:\Users\manue\AppData\Local\Programs\Python\Python314\Lib\site-packages\flask\app.py", line 1110, in url_for
    rv = url_adapter.build(  # type: ignore[union-attr]
        endpoint,
    ...<3 lines>...
        force_external=_external,
    )
  File "C:\Users\manue\AppData\Local\Programs\Python\Python314\Lib\site-packages\werkzeug\routing\map.py", line 924, in build
    raise BuildError(endpoint, values, method, self)
werkzeug.routing.exceptions.BuildError: Could not build url for endpoint 'dashboard'. Did you mean 'bom_editar' instead?

[2025-11-10 07:45:44,455] {C:\Users\manue\OneDrive\Escritorio\crm\mesa_perfecta_crm\mesa_perfecta_crm\app.py:1464} WARNING - Ruta no encontrada (404): /favicon.ico
[2025-11-10 07:45:45,560] {C:\Users\manue\OneDrive\Escritorio\crm\mesa_perfecta_crm\mesa_perfecta_crm\app.py:1487} ERROR - Error 500 (No controlado) en /ingresos:
Traceback (most recent call last):
  File "C:\Users\manue\AppData\Local\Programs\Python\Python314\Lib\site-packages\flask\app.py", line 917, in full_dispatch_request
    rv = self.dispatch_request()
  File "C:\Users\manue\AppData\Local\Programs\Python\Python314\Lib\site-packages\flask\app.py", line 902, in dispatch_request
    return self.ensure_sync(self.view_functions[rule.endpoint])(**view_args)  # type: ignore[no-any-return]
           ~~~~~~~~~~~~~~~~~~~~~~~~~~~~~~~~~~~~~~~~~~~~~~~~~~~~^^^^^^^^^^^^^
  File "C:\Users\manue\OneDrive\Escritorio\crm\mesa_perfecta_crm\mesa_perfecta_crm\app.py", line 1211, in wrapper
    return f(*args, **kwargs)
  File "C:\Users\manue\OneDrive\Escritorio\crm\mesa_perfecta_crm\mesa_perfecta_crm\app.py", line 1698, in ingresos
    return render_template(
        'ingresos.html',
        ingresos=ingresos_rows,
        sum_neto=sum_neto, sum_iva=sum_iva, sum_total=sum_total
    )
  File "C:\Users\manue\AppData\Local\Programs\Python\Python314\Lib\site-packages\flask\templating.py", line 150, in render_template
    return _render(app, template, context)
  File "C:\Users\manue\AppData\Local\Programs\Python\Python314\Lib\site-packages\flask\templating.py", line 131, in _render
    rv = template.render(context)
  File "C:\Users\manue\AppData\Local\Programs\Python\Python314\Lib\site-packages\jinja2\environment.py", line 1295, in render
    self.environment.handle_exception()
    ~~~~~~~~~~~~~~~~~~~~~~~~~~~~~~~~~^^
  File "C:\Users\manue\AppData\Local\Programs\Python\Python314\Lib\site-packages\jinja2\environment.py", line 942, in handle_exception
    raise rewrite_traceback_stack(source=source)
  File "C:\Users\manue\OneDrive\Escritorio\crm\mesa_perfecta_crm\mesa_perfecta_crm\templates\ingresos.html", line 1, in top-level template code
    {% extends "layout.html" %}
    ^^^^^^^^^^^^^^^^^^^^^^^^^
  File "C:\Users\manue\OneDrive\Escritorio\crm\mesa_perfecta_crm\mesa_perfecta_crm\templates\layout.html", line 128, in top-level template code
    {% block content %}{% endblock %}
    ^^^^^^^^^^^^^^^^^^^^^
  File "C:\Users\manue\OneDrive\Escritorio\crm\mesa_perfecta_crm\mesa_perfecta_crm\templates\ingresos.html", line 66, in block 'content'
    <a href="{{ url_for('dashboard') }}" class="btn btn-secondary">Volver al Dashboard</a>
    ^^^^^^^^^^^^^^^^^^^^^
  File "C:\Users\manue\AppData\Local\Programs\Python\Python314\Lib\site-packages\flask\app.py", line 1121, in url_for
    return self.handle_url_build_error(error, endpoint, values)
           ~~~~~~~~~~~~~~~~~~~~~~~~~~~^^^^^^^^^^^^^^^^^^^^^^^^^
  File "C:\Users\manue\AppData\Local\Programs\Python\Python314\Lib\site-packages\flask\app.py", line 1110, in url_for
    rv = url_adapter.build(  # type: ignore[union-attr]
        endpoint,
    ...<3 lines>...
        force_external=_external,
    )
  File "C:\Users\manue\AppData\Local\Programs\Python\Python314\Lib\site-packages\werkzeug\routing\map.py", line 924, in build
    raise BuildError(endpoint, values, method, self)
werkzeug.routing.exceptions.BuildError: Could not build url for endpoint 'dashboard'. Did you mean 'bom_editar' instead?

[2025-11-10 07:45:48,428] {C:\Users\manue\OneDrive\Escritorio\crm\mesa_perfecta_crm\mesa_perfecta_crm\app.py:1464} WARNING - Ruta no encontrada (404): /favicon.ico
[2025-11-10 07:45:53,054] {C:\Users\manue\OneDrive\Escritorio\crm\mesa_perfecta_crm\mesa_perfecta_crm\app.py:1464} WARNING - Ruta no encontrada (404): /static/img/mesa_perfecta_almuerzos.png
[2025-11-10 07:45:53,227] {C:\Users\manue\OneDrive\Escritorio\crm\mesa_perfecta_crm\mesa_perfecta_crm\app.py:1464} WARNING - Ruta no encontrada (404): /favicon.ico
[2025-11-10 07:45:54,966] {C:\Users\manue\OneDrive\Escritorio\crm\mesa_perfecta_crm\mesa_perfecta_crm\app.py:1464} WARNING - Ruta no encontrada (404): /static/img/mesa_perfecta_almuerzos.png
[2025-11-10 07:45:55,071] {C:\Users\manue\OneDrive\Escritorio\crm\mesa_perfecta_crm\mesa_perfecta_crm\app.py:1464} WARNING - Ruta no encontrada (404): /favicon.ico
[2025-11-10 07:45:56,367] {C:\Users\manue\OneDrive\Escritorio\crm\mesa_perfecta_crm\mesa_perfecta_crm\app.py:1464} WARNING - Ruta no encontrada (404): /static/img/mesa_perfecta_almuerzos.png
[2025-11-10 07:45:56,496] {C:\Users\manue\OneDrive\Escritorio\crm\mesa_perfecta_crm\mesa_perfecta_crm\app.py:1464} WARNING - Ruta no encontrada (404): /favicon.ico
[2025-11-10 07:45:57,804] {C:\Users\manue\OneDrive\Escritorio\crm\mesa_perfecta_crm\mesa_perfecta_crm\app.py:1464} WARNING - Ruta no encontrada (404): /static/img/mesa_perfecta_almuerzos.png
[2025-11-10 07:45:57,954] {C:\Users\manue\OneDrive\Escritorio\crm\mesa_perfecta_crm\mesa_perfecta_crm\app.py:1464} WARNING - Ruta no encontrada (404): /favicon.ico
[2025-11-10 07:45:59,727] {C:\Users\manue\OneDrive\Escritorio\crm\mesa_perfecta_crm\mesa_perfecta_crm\app.py:1464} WARNING - Ruta no encontrada (404): /static/img/mesa_perfecta_almuerzos.png
[2025-11-10 07:45:59,878] {C:\Users\manue\OneDrive\Escritorio\crm\mesa_perfecta_crm\mesa_perfecta_crm\app.py:1464} WARNING - Ruta no encontrada (404): /favicon.ico
[2025-11-10 07:46:01,507] {C:\Users\manue\OneDrive\Escritorio\crm\mesa_perfecta_crm\mesa_perfecta_crm\app.py:1487} ERROR - Error 500 (No controlado) en /transferir:
Traceback (most recent call last):
  File "C:\Users\manue\AppData\Local\Programs\Python\Python314\Lib\site-packages\flask\app.py", line 917, in full_dispatch_request
    rv = self.dispatch_request()
  File "C:\Users\manue\AppData\Local\Programs\Python\Python314\Lib\site-packages\flask\app.py", line 902, in dispatch_request
    return self.ensure_sync(self.view_functions[rule.endpoint])(**view_args)  # type: ignore[no-any-return]
           ~~~~~~~~~~~~~~~~~~~~~~~~~~~~~~~~~~~~~~~~~~~~~~~~~~~~^^^^^^^^^^^^^
  File "C:\Users\manue\OneDrive\Escritorio\crm\mesa_perfecta_crm\mesa_perfecta_crm\app.py", line 1211, in wrapper
    return f(*args, **kwargs)
  File "C:\Users\manue\OneDrive\Escritorio\crm\mesa_perfecta_crm\mesa_perfecta_crm\app.py", line 2400, in transferir
    return render_template("transferencias.html", transferencias=transferencias)
  File "C:\Users\manue\AppData\Local\Programs\Python\Python314\Lib\site-packages\flask\templating.py", line 149, in render_template
    template = app.jinja_env.get_or_select_template(template_name_or_list)
  File "C:\Users\manue\AppData\Local\Programs\Python\Python314\Lib\site-packages\jinja2\environment.py", line 1087, in get_or_select_template
    return self.get_template(template_name_or_list, parent, globals)
           ~~~~~~~~~~~~~~~~~^^^^^^^^^^^^^^^^^^^^^^^^^^^^^^^^^^^^^^^^
  File "C:\Users\manue\AppData\Local\Programs\Python\Python314\Lib\site-packages\jinja2\environment.py", line 1016, in get_template
    return self._load_template(name, globals)
           ~~~~~~~~~~~~~~~~~~~^^^^^^^^^^^^^^^
  File "C:\Users\manue\AppData\Local\Programs\Python\Python314\Lib\site-packages\jinja2\environment.py", line 975, in _load_template
    template = self.loader.load(self, name, self.make_globals(globals))
  File "C:\Users\manue\AppData\Local\Programs\Python\Python314\Lib\site-packages\jinja2\loaders.py", line 126, in load
    source, filename, uptodate = self.get_source(environment, name)
                                 ~~~~~~~~~~~~~~~^^^^^^^^^^^^^^^^^^^
  File "C:\Users\manue\AppData\Local\Programs\Python\Python314\Lib\site-packages\flask\templating.py", line 65, in get_source
    return self._get_source_fast(environment, template)
           ~~~~~~~~~~~~~~~~~~~~~^^^^^^^^^^^^^^^^^^^^^^^
  File "C:\Users\manue\AppData\Local\Programs\Python\Python314\Lib\site-packages\flask\templating.py", line 99, in _get_source_fast
    raise TemplateNotFound(template)
jinja2.exceptions.TemplateNotFound: transferencias.html

[2025-11-10 07:46:19,769] {C:\Users\manue\OneDrive\Escritorio\crm\mesa_perfecta_crm\mesa_perfecta_crm\app.py:1464} WARNING - Ruta no encontrada (404): /static/img/mesa_perfecta_almuerzos.png
[2025-11-10 07:46:19,870] {C:\Users\manue\OneDrive\Escritorio\crm\mesa_perfecta_crm\mesa_perfecta_crm\app.py:1464} WARNING - Ruta no encontrada (404): /favicon.ico
[2025-11-10 07:46:23,068] {C:\Users\manue\OneDrive\Escritorio\crm\mesa_perfecta_crm\mesa_perfecta_crm\app.py:1464} WARNING - Ruta no encontrada (404): /static/img/mesa_perfecta_almuerzos.png
[2025-11-10 07:46:23,214] {C:\Users\manue\OneDrive\Escritorio\crm\mesa_perfecta_crm\mesa_perfecta_crm\app.py:1464} WARNING - Ruta no encontrada (404): /favicon.ico
[2025-11-10 07:46:23,963] {C:\Users\manue\OneDrive\Escritorio\crm\mesa_perfecta_crm\mesa_perfecta_crm\app.py:1464} WARNING - Ruta no encontrada (404): /static/img/mesa_perfecta_almuerzos.png
[2025-11-10 07:46:24,106] {C:\Users\manue\OneDrive\Escritorio\crm\mesa_perfecta_crm\mesa_perfecta_crm\app.py:1464} WARNING - Ruta no encontrada (404): /favicon.ico
[2025-11-10 07:46:25,432] {C:\Users\manue\OneDrive\Escritorio\crm\mesa_perfecta_crm\mesa_perfecta_crm\app.py:1464} WARNING - Ruta no encontrada (404): /static/img/mesa_perfecta_almuerzos.png
[2025-11-10 07:46:25,607] {C:\Users\manue\OneDrive\Escritorio\crm\mesa_perfecta_crm\mesa_perfecta_crm\app.py:1464} WARNING - Ruta no encontrada (404): /favicon.ico
[2025-11-10 07:46:26,827] {C:\Users\manue\OneDrive\Escritorio\crm\mesa_perfecta_crm\mesa_perfecta_crm\app.py:1464} WARNING - Ruta no encontrada (404): /static/img/mesa_perfecta_almuerzos.png
[2025-11-10 07:46:27,003] {C:\Users\manue\OneDrive\Escritorio\crm\mesa_perfecta_crm\mesa_perfecta_crm\app.py:1464} WARNING - Ruta no encontrada (404): /favicon.ico
[2025-11-10 07:46:28,358] {C:\Users\manue\OneDrive\Escritorio\crm\mesa_perfecta_crm\mesa_perfecta_crm\app.py:1464} WARNING - Ruta no encontrada (404): /static/img/mesa_perfecta_almuerzos.png
[2025-11-10 07:46:28,503] {C:\Users\manue\OneDrive\Escritorio\crm\mesa_perfecta_crm\mesa_perfecta_crm\app.py:1464} WARNING - Ruta no encontrada (404): /favicon.ico
[2025-11-10 07:46:30,318] {C:\Users\manue\OneDrive\Escritorio\crm\mesa_perfecta_crm\mesa_perfecta_crm\app.py:1464} WARNING - Ruta no encontrada (404): /static/img/mesa_perfecta_almuerzos.png
[2025-11-10 07:46:30,491] {C:\Users\manue\OneDrive\Escritorio\crm\mesa_perfecta_crm\mesa_perfecta_crm\app.py:1464} WARNING - Ruta no encontrada (404): /favicon.ico
[2025-11-10 07:46:31,215] {C:\Users\manue\OneDrive\Escritorio\crm\mesa_perfecta_crm\mesa_perfecta_crm\app.py:1464} WARNING - Ruta no encontrada (404): /static/img/mesa_perfecta_almuerzos.png
[2025-11-10 07:46:31,354] {C:\Users\manue\OneDrive\Escritorio\crm\mesa_perfecta_crm\mesa_perfecta_crm\app.py:1464} WARNING - Ruta no encontrada (404): /favicon.ico
[2025-11-10 07:46:31,944] {C:\Users\manue\OneDrive\Escritorio\crm\mesa_perfecta_crm\mesa_perfecta_crm\app.py:1464} WARNING - Ruta no encontrada (404): /static/img/mesa_perfecta_almuerzos.png
[2025-11-10 07:46:32,089] {C:\Users\manue\OneDrive\Escritorio\crm\mesa_perfecta_crm\mesa_perfecta_crm\app.py:1464} WARNING - Ruta no encontrada (404): /favicon.ico
[2025-11-10 07:46:32,589] {C:\Users\manue\OneDrive\Escritorio\crm\mesa_perfecta_crm\mesa_perfecta_crm\app.py:1487} ERROR - Error 500 (No controlado) en /transferir:
Traceback (most recent call last):
  File "C:\Users\manue\AppData\Local\Programs\Python\Python314\Lib\site-packages\flask\app.py", line 917, in full_dispatch_request
    rv = self.dispatch_request()
  File "C:\Users\manue\AppData\Local\Programs\Python\Python314\Lib\site-packages\flask\app.py", line 902, in dispatch_request
    return self.ensure_sync(self.view_functions[rule.endpoint])(**view_args)  # type: ignore[no-any-return]
           ~~~~~~~~~~~~~~~~~~~~~~~~~~~~~~~~~~~~~~~~~~~~~~~~~~~~^^^^^^^^^^^^^
  File "C:\Users\manue\OneDrive\Escritorio\crm\mesa_perfecta_crm\mesa_perfecta_crm\app.py", line 1211, in wrapper
    return f(*args, **kwargs)
  File "C:\Users\manue\OneDrive\Escritorio\crm\mesa_perfecta_crm\mesa_perfecta_crm\app.py", line 2400, in transferir
    return render_template("transferencias.html", transferencias=transferencias)
  File "C:\Users\manue\AppData\Local\Programs\Python\Python314\Lib\site-packages\flask\templating.py", line 149, in render_template
    template = app.jinja_env.get_or_select_template(template_name_or_list)
  File "C:\Users\manue\AppData\Local\Programs\Python\Python314\Lib\site-packages\jinja2\environment.py", line 1087, in get_or_select_template
    return self.get_template(template_name_or_list, parent, globals)
           ~~~~~~~~~~~~~~~~~^^^^^^^^^^^^^^^^^^^^^^^^^^^^^^^^^^^^^^^^
  File "C:\Users\manue\AppData\Local\Programs\Python\Python314\Lib\site-packages\jinja2\environment.py", line 1016, in get_template
    return self._load_template(name, globals)
           ~~~~~~~~~~~~~~~~~~~^^^^^^^^^^^^^^^
  File "C:\Users\manue\AppData\Local\Programs\Python\Python314\Lib\site-packages\jinja2\environment.py", line 975, in _load_template
    template = self.loader.load(self, name, self.make_globals(globals))
  File "C:\Users\manue\AppData\Local\Programs\Python\Python314\Lib\site-packages\jinja2\loaders.py", line 126, in load
    source, filename, uptodate = self.get_source(environment, name)
                                 ~~~~~~~~~~~~~~~^^^^^^^^^^^^^^^^^^^
  File "C:\Users\manue\AppData\Local\Programs\Python\Python314\Lib\site-packages\flask\templating.py", line 65, in get_source
    return self._get_source_fast(environment, template)
           ~~~~~~~~~~~~~~~~~~~~~^^^^^^^^^^^^^^^^^^^^^^^
  File "C:\Users\manue\AppData\Local\Programs\Python\Python314\Lib\site-packages\flask\templating.py", line 99, in _get_source_fast
    raise TemplateNotFound(template)
jinja2.exceptions.TemplateNotFound: transferencias.html

[2025-11-10 08:02:52,881] {C:\Users\manue\OneDrive\Escritorio\crm\mesa_perfecta_crm\mesa_perfecta_crm\app.py:1266} WARNING - Ejecutando init_db()...
[2025-11-10 08:02:53,970] {C:\Users\manue\OneDrive\Escritorio\crm\mesa_perfecta_crm\mesa_perfecta_crm\app.py:1266} WARNING - Ejecutando init_db()...
[2025-11-10 08:03:07,794] {C:\Users\manue\OneDrive\Escritorio\crm\mesa_perfecta_crm\mesa_perfecta_crm\app.py:1464} WARNING - Ruta no encontrada (404): /favicon.ico
[2025-11-10 08:03:15,695] {C:\Users\manue\OneDrive\Escritorio\crm\mesa_perfecta_crm\mesa_perfecta_crm\app.py:1464} WARNING - Ruta no encontrada (404): /favicon.ico
[2025-11-10 08:03:27,878] {C:\Users\manue\OneDrive\Escritorio\crm\mesa_perfecta_crm\mesa_perfecta_crm\app.py:1464} WARNING - Ruta no encontrada (404): /favicon.ico
[2025-11-10 08:03:47,206] {C:\Users\manue\OneDrive\Escritorio\crm\mesa_perfecta_crm\mesa_perfecta_crm\app.py:1464} WARNING - Ruta no encontrada (404): /favicon.ico
[2025-11-10 08:07:52,625] {C:\Users\manue\OneDrive\Escritorio\crm\mesa_perfecta_crm\mesa_perfecta_crm\app.py:1266} WARNING - Ejecutando init_db()...
[2025-11-10 08:07:53,669] {C:\Users\manue\OneDrive\Escritorio\crm\mesa_perfecta_crm\mesa_perfecta_crm\app.py:1266} WARNING - Ejecutando init_db()...
[2025-11-10 08:08:03,203] {C:\Users\manue\OneDrive\Escritorio\crm\mesa_perfecta_crm\mesa_perfecta_crm\app.py:1464} WARNING - Ruta no encontrada (404): /favicon.ico
[2025-11-10 08:08:25,531] {C:\Users\manue\OneDrive\Escritorio\crm\mesa_perfecta_crm\mesa_perfecta_crm\app.py:1464} WARNING - Ruta no encontrada (404): /favicon.ico
[2025-11-10 08:10:52,090] {C:\Users\manue\OneDrive\Escritorio\crm\mesa_perfecta_crm\mesa_perfecta_crm\app.py:1266} WARNING - Ejecutando init_db()...
[2025-11-10 08:10:53,092] {C:\Users\manue\OneDrive\Escritorio\crm\mesa_perfecta_crm\mesa_perfecta_crm\app.py:1266} WARNING - Ejecutando init_db()...
[2025-11-10 08:11:08,791] {C:\Users\manue\OneDrive\Escritorio\crm\mesa_perfecta_crm\mesa_perfecta_crm\app.py:1487} ERROR - Error 500 (No controlado) en /:
Traceback (most recent call last):
  File "C:\Users\manue\AppData\Local\Programs\Python\Python314\Lib\site-packages\flask\app.py", line 917, in full_dispatch_request
    rv = self.dispatch_request()
  File "C:\Users\manue\AppData\Local\Programs\Python\Python314\Lib\site-packages\flask\app.py", line 902, in dispatch_request
    return self.ensure_sync(self.view_functions[rule.endpoint])(**view_args)  # type: ignore[no-any-return]
           ~~~~~~~~~~~~~~~~~~~~~~~~~~~~~~~~~~~~~~~~~~~~~~~~~~~~^^^^^^^^^^^^^
  File "C:\Users\manue\OneDrive\Escritorio\crm\mesa_perfecta_crm\mesa_perfecta_crm\app.py", line 1211, in wrapper
    return f(*args, **kwargs)
  File "C:\Users\manue\OneDrive\Escritorio\crm\mesa_perfecta_crm\mesa_perfecta_crm\app.py", line 1631, in index
    return render_template(
        'index.html',
    ...<5 lines>...
        pending_mp=pending_mp
    )
  File "C:\Users\manue\AppData\Local\Programs\Python\Python314\Lib\site-packages\flask\templating.py", line 150, in render_template
    return _render(app, template, context)
  File "C:\Users\manue\AppData\Local\Programs\Python\Python314\Lib\site-packages\flask\templating.py", line 131, in _render
    rv = template.render(context)
  File "C:\Users\manue\AppData\Local\Programs\Python\Python314\Lib\site-packages\jinja2\environment.py", line 1295, in render
    self.environment.handle_exception()
    ~~~~~~~~~~~~~~~~~~~~~~~~~~~~~~~~~^^
  File "C:\Users\manue\AppData\Local\Programs\Python\Python314\Lib\site-packages\jinja2\environment.py", line 942, in handle_exception
    raise rewrite_traceback_stack(source=source)
  File "C:\Users\manue\OneDrive\Escritorio\crm\mesa_perfecta_crm\mesa_perfecta_crm\templates\index.html", line 1, in top-level template code
    {% extends "layout.html" %}
    ^^^^^^^^^^^^^^^^^^^^^^^^^
  File "C:\Users\manue\OneDrive\Escritorio\crm\mesa_perfecta_crm\mesa_perfecta_crm\templates\layout.html", line 1, in top-level template code
    {% extends "layout.html" %}
    ^^^^^^^^^^^^^^^^^^^^^^^^^
  File "C:\Users\manue\OneDrive\Escritorio\crm\mesa_perfecta_crm\mesa_perfecta_crm\templates\layout.html", line 1, in top-level template code
    {% extends "layout.html" %}
    ^^^^^^^^^^^^^^^^^^^^^^^^^
  File "C:\Users\manue\OneDrive\Escritorio\crm\mesa_perfecta_crm\mesa_perfecta_crm\templates\layout.html", line 1, in top-level template code
    {% extends "layout.html" %}
    ^^^^^^^^^^^^^^^^^^^^^^^^^
  [Previous line repeated 970 more times]
  File "C:\Users\manue\AppData\Local\Programs\Python\Python314\Lib\site-packages\jinja2\environment.py", line 1496, in is_up_to_date
    return self._uptodate()
           ~~~~~~~~~~~~~~^^
  File "C:\Users\manue\AppData\Local\Programs\Python\Python314\Lib\site-packages\jinja2\loaders.py", line 221, in uptodate
    return os.path.getmtime(filename) == mtime
           ~~~~~~~~~~~~~~~~^^^^^^^^^^
RecursionError: maximum recursion depth exceeded

[2025-11-10 08:19:23,085] {C:\Users\manue\OneDrive\Escritorio\crm\mesa_perfecta_crm\mesa_perfecta_crm\app.py:1266} WARNING - Ejecutando init_db()...
[2025-11-10 08:19:24,173] {C:\Users\manue\OneDrive\Escritorio\crm\mesa_perfecta_crm\mesa_perfecta_crm\app.py:1266} WARNING - Ejecutando init_db()...
[2025-11-10 08:19:30,883] {C:\Users\manue\OneDrive\Escritorio\crm\mesa_perfecta_crm\mesa_perfecta_crm\app.py:1464} WARNING - Ruta no encontrada (404): /favicon.ico
[2025-11-10 08:28:20,879] {C:\Users\manue\OneDrive\Escritorio\crm\mesa_perfecta_crm\mesa_perfecta_crm\app.py:1266} WARNING - Ejecutando init_db()...
[2025-11-10 08:28:21,891] {C:\Users\manue\OneDrive\Escritorio\crm\mesa_perfecta_crm\mesa_perfecta_crm\app.py:1266} WARNING - Ejecutando init_db()...
[2025-11-10 08:31:29,641] {C:\Users\manue\OneDrive\Escritorio\crm\mesa_perfecta_crm\mesa_perfecta_crm\app.py:1266} WARNING - Ejecutando init_db()...
[2025-11-10 08:31:30,695] {C:\Users\manue\OneDrive\Escritorio\crm\mesa_perfecta_crm\mesa_perfecta_crm\app.py:1266} WARNING - Ejecutando init_db()...
